{
  "code": 400,
  "message": "Required Integer[] parameter 'configuration' is not present"
}