{
  "code": 400,
  "message": "Surface setting can not have element null or empty"
}